// Jest Snapshot v1, https://goo.gl/fbAQLP

exports[`Should VideoPlayer component render correctly 1`] = `
<article
  className="small-movie-card catalog__movies-card"
  onMouseOut={[Function]}
  onMouseOver={[Function]}
>
  <div
    className="small-movie-card__image"
  >
    <video
      height="175"
      muted={true}
      width="280"
    >
      <source
        type="video/mp4"
      />
    </video>
  </div>
  <h3
    className="small-movie-card__title"
    onClick={[Function]}
  >
    <a
      className="small-movie-card__link"
      href="/films/3"
      onClick={[Function]}
    >
      Aviator
       
    </a>
  </h3>
</article>
`;
